Microchip MPLAB XC8 Compiler V2.10 ()

Linker command line:

-W-3 --edf=C:\Program Files (x86)\Microchip\xc8\v2.10\pic\dat\en_msgs.txt \
  -cs -h+dist/default/production\SwiftAct_012.X.production.sym \
  --cmf=dist/default/production\SwiftAct_012.X.production.cmf -z -Q16F877A \
  -oC:\Users\DELL\AppData\Local\Temp\sa8k.3 --defsym=__MPLAB_BUILD=1 \
  -Mdist/default/production/SwiftAct_012.X.production.map -E1 -ver=XC8 \
  --acfsm=1493 -ASTACK=0110h-016Fh -pstack=STACK -ACODE=00h-07FFhx4 \
  -ASTRCODE=00h-01FFFh -ASTRING=00h-0FFhx32 -ACONST=00h-0FFhx32 \
  -AENTRY=00h-0FFhx32 -ACOMMON=070h-07Fh -ABANK0=020h-06Fh \
  -ABANK1=0A0h-0EFh -ABANK2=0110h-016Fh -ABANK3=0190h-01EFh \
  -ARAM=020h-06Fh,0A0h-0EFh,0110h-016Fh,0190h-01EFh \
  -AABS1=020h-07Fh,0A0h-0EFh,0110h-016Fh,0190h-01EFh -ASFR0=00h-01Fh \
  -ASFR1=080h-09Fh -ASFR2=0100h-010Fh -ASFR3=0180h-018Fh \
  -preset_vec=00h,intentry=04h,init,end_init -ppowerup=CODE -pcinit=CODE \
  -pfunctab=ENTRY -ACONFIG=02007h-02007h -pconfig=CONFIG -DCONFIG=2 \
  -AIDLOC=02000h-02003h -pidloc=IDLOC -DIDLOC=2 -AEEDATA=00h-0FFh/02100h \
  -peeprom_data=EEDATA -DEEDATA=2 -DCODE=2 -DSTRCODE=2 -DSTRING=2 -DCONST=2 \
  -DENTRY=2 -k C:\Users\DELL\AppData\Local\Temp\sa8k.o \
  dist/default/production\SwiftAct_012.X.production.o 

Object code version is 3.11

Machine type is 16F877A



                Name                               Link     Load   Length Selector   Space Scale
C:\Users\DELL\AppData\Local\Temp\sa8k.o
                end_init                              C        C        3        8       0
                reset_vec                             0        0        3        0       0
                config                             2007     2007        1     400E       0
dist/default/production\SwiftAct_012.X.production.o
                cinit                                 F        F       1D        8       0
                intentry                              4        4        8        8       0
                text52                              C73      C73        D     18E6       0
                text51                              D66      D66       27     1ACC       0
                text50                              C4D      C4D        9     189A       0
                text49                              C68      C68        B     18D0       0
                text48                              D42      D42       24     1A84       0
                text47                              5E3      5E3       74        8       0
                text46                              C23      C23        6     1846       0
                text45                              449      449       9D        8       0
                text44                              D8D      D8D       27     1B1A       0
                text43                              F29      F29       47     1E52       0
                text42                              C2F      C2F        7     185E       0
                text41                              C80      C80        D     1900       0
                text40                              C56      C56        9     18AC       0
                text39                              C5F      C5F        9     18BE       0
                text38                              C8D      C8D        D     191A       0
                text37                              7DA      7DA       24        8       0
                text36                              BFE      BFE        4     17FC       0
                text35                              C02      C02        4     1804       0
                text34                              C36      C36        7     186C       0
                text33                              C3D      C3D        8     187A       0
                text32                              C29      C29        6     1852       0
                text31                              C9A      C9A        E     1934       0
                text30                              CC9      CC9       12     1992       0
                text29                              EE3      EE3       46     1DC6       0
                text28                              EA6      EA6       3D     1D4C       0
                text27                              DB4      DB4       29     1B68       0
                text26                               2C       2C      361        8       0
                text25                              567      567       7C        8       0
                text24                              38D      38D       BC        8       0
                text23                              726      726       5C        8       0
                text22                              DDD      DDD       2E     1BBA       0
                text21                              CDB      CDB       16     19B6       0
                text20                              FB7      FB7       49     1F6E       0
                text19                              CF1      CF1       1B     19E2       0
                text18                              C06      C06        4     180C       0
                text17                              C0A      C0A        4     1814       0
                text16                              C0E      C0E        4     181C       0
                text15                              C1E      C1E        5     183C       0
                text14                              D0C      D0C       1B     1A18       0
                text13                              F70      F70       47     1EE0       0
                text12                              E6A      E6A       3C     1CD4       0
                text11                              6C1      6C1       65        8       0
                text10                              D27      D27       1B     1A4E       0
                text9                               657      657       6A        8       0
                text8                               CB8      CB8       11     1970       0
                text7                               E3A      E3A       30     1C74       0
                text6                               C12      C12        4     1824       0
                text5                               C16      C16        4     182C       0
                text4                               C1A      C1A        4     1834       0
                text3                               CA8      CA8       10     1950       0
                text2                               4E6      4E6       81        8       0
                text1                               782      782       58        8       0
                maintext                            E0B      E0B       2F     1C16       0
                cstackBANK0                          20       20       40       20       1
                cstackCOMMON                         70       70        8       70       1
                clrtext                             C45      C45        8     188A       0
                bssBANK1                             A0       A0       14       A0       1
                dataBANK0                            69       69        1       20       1
                bssBANK0                             60       60        7       20       1
                bssCOMMON                            78       78        3       70       1
                nvBANK0                              67       67        2       20       1
                idataBANK0                          7FE      7FE        1        8       0

TOTAL           Name                               Link     Load   Length     Space
        CLASS   STACK          

        CLASS   CODE           
                end_init                              C        C        3         0
                cinit                                 F        F       1D         0
                intentry                              4        4        8         0
                reset_vec                             0        0        3         0
                text52                              C73      C73        D         0
                text51                              D66      D66       27         0
                text50                              C4D      C4D        9         0
                text49                              C68      C68        B         0
                text48                              D42      D42       24         0
                text47                              5E3      5E3       74         0
                text46                              C23      C23        6         0
                text45                              449      449       9D         0
                text44                              D8D      D8D       27         0
                text43                              F29      F29       47         0
                text42                              C2F      C2F        7         0
                text41                              C80      C80        D         0
                text40                              C56      C56        9         0
                text39                              C5F      C5F        9         0
                text38                              C8D      C8D        D         0
                text37                              7DA      7DA       24         0
                text36                              BFE      BFE        4         0
                text35                              C02      C02        4         0
                text34                              C36      C36        7         0
                text33                              C3D      C3D        8         0
                text32                              C29      C29        6         0
                text31                              C9A      C9A        E         0
                text30                              CC9      CC9       12         0
                text29                              EE3      EE3       46         0
                text28                              EA6      EA6       3D         0
                text27                              DB4      DB4       29         0
                text26                               2C       2C      361         0
                text25                              567      567       7C         0
                text24                              38D      38D       BC         0
                text23                              726      726       5C         0
                text22                              DDD      DDD       2E         0
                text21                              CDB      CDB       16         0
                text20                              FB7      FB7       49         0
                text19                              CF1      CF1       1B         0
                text18                              C06      C06        4         0
                text17                              C0A      C0A        4         0
                text16                              C0E      C0E        4         0
                text15                              C1E      C1E        5         0
                text14                              D0C      D0C       1B         0
                text13                              F70      F70       47         0
                text12                              E6A      E6A       3C         0
                text11                              6C1      6C1       65         0
                text10                              D27      D27       1B         0
                text9                               657      657       6A         0
                text8                               CB8      CB8       11         0
                text7                               E3A      E3A       30         0
                text6                               C12      C12        4         0
                text5                               C16      C16        4         0
                text4                               C1A      C1A        4         0
                text3                               CA8      CA8       10         0
                text2                               4E6      4E6       81         0
                text1                               782      782       58         0
                maintext                            E0B      E0B       2F         0
                clrtext                             C45      C45        8         0
                idataBANK0                          7FE      7FE        1         0

        CLASS   STRCODE        

        CLASS   STRING         

        CLASS   CONST          

        CLASS   ENTRY          

        CLASS   COMMON         
                cstackCOMMON                         70       70        8         1
                bssCOMMON                            78       78        3         1

        CLASS   BANK0          
                cstackBANK0                          20       20       40         1
                dataBANK0                            69       69        1         1
                bssBANK0                             60       60        7         1
                nvBANK0                              67       67        2         1

        CLASS   BANK1          
                bssBANK1                             A0       A0       14         1

        CLASS   BANK2          

        CLASS   BANK3          

        CLASS   RAM            

        CLASS   ABS1           
                abs_s1                               7E       7E        2         1

        CLASS   SFR0           

        CLASS   SFR1           

        CLASS   SFR2           

        CLASS   SFR3           

        CLASS   CONFIG         
                config                             2007     2007        1         0

        CLASS   IDLOC          

        CLASS   EEDATA         



SEGMENTS        Name                           Load    Length   Top    Selector   Space  Class     Delta

                reset_vec                      000000  000003  000003         0       0  CODE        2
                intentry                       000004  0007FB  0007FF         8       0  CODE        2
                cstackBANK0                    000020  00004A  00006A        20       1  BANK0       1
                cstackCOMMON                   000070  00000B  00007B        70       1  COMMON      1
                bssBANK1                       0000A0  000014  0000B4        A0       1  BANK1       1
                text36                         000BFE  000004  000C02      17FC       0  CODE        2
                text35                         000C02  000004  000C06      1804       0  CODE        2
                text18                         000C06  000004  000C0A      180C       0  CODE        2
                text17                         000C0A  000004  000C0E      1814       0  CODE        2
                text16                         000C0E  000004  000C12      181C       0  CODE        2
                text6                          000C12  000004  000C16      1824       0  CODE        2
                text5                          000C16  000004  000C1A      182C       0  CODE        2
                text4                          000C1A  000004  000C1E      1834       0  CODE        2
                text15                         000C1E  000005  000C23      183C       0  CODE        2
                text46                         000C23  000006  000C29      1846       0  CODE        2
                text32                         000C29  000006  000C2F      1852       0  CODE        2
                text42                         000C2F  000007  000C36      185E       0  CODE        2
                text34                         000C36  000007  000C3D      186C       0  CODE        2
                text33                         000C3D  000008  000C45      187A       0  CODE        2
                clrtext                        000C45  000008  000C4D      188A       0  CODE        2
                text50                         000C4D  000009  000C56      189A       0  CODE        2
                text40                         000C56  000009  000C5F      18AC       0  CODE        2
                text39                         000C5F  000009  000C68      18BE       0  CODE        2
                text49                         000C68  00000B  000C73      18D0       0  CODE        2
                text52                         000C73  00000D  000C80      18E6       0  CODE        2
                text41                         000C80  00000D  000C8D      1900       0  CODE        2
                text38                         000C8D  00000D  000C9A      191A       0  CODE        2
                text31                         000C9A  00000E  000CA8      1934       0  CODE        2
                text3                          000CA8  000010  000CB8      1950       0  CODE        2
                text8                          000CB8  000011  000CC9      1970       0  CODE        2
                text30                         000CC9  000012  000CDB      1992       0  CODE        2
                text21                         000CDB  000016  000CF1      19B6       0  CODE        2
                text19                         000CF1  00001B  000D0C      19E2       0  CODE        2
                text14                         000D0C  00001B  000D27      1A18       0  CODE        2
                text10                         000D27  00001B  000D42      1A4E       0  CODE        2
                text48                         000D42  000024  000D66      1A84       0  CODE        2
                text51                         000D66  000027  000D8D      1ACC       0  CODE        2
                text44                         000D8D  000027  000DB4      1B1A       0  CODE        2
                text27                         000DB4  000029  000DDD      1B68       0  CODE        2
                text22                         000DDD  00002E  000E0B      1BBA       0  CODE        2
                maintext                       000E0B  00002F  000E3A      1C16       0  CODE        2
                text7                          000E3A  000030  000E6A      1C74       0  CODE        2
                text12                         000E6A  00003C  000EA6      1CD4       0  CODE        2
                text28                         000EA6  00003D  000EE3      1D4C       0  CODE        2
                text29                         000EE3  000046  000F29      1DC6       0  CODE        2
                text43                         000F29  000047  000F70      1E52       0  CODE        2
                text13                         000F70  000047  000FB7      1EE0       0  CODE        2
                text20                         000FB7  000049  001000      1F6E       0  CODE        2
                config                         002007  000001  002008      400E       0  CONFIG      2


UNUSED ADDRESS RANGES

        Name                Unused          Largest block    Delta
        BANK0            006A-006F              6           1
        BANK1            00B4-00EF             3C           1
        BANK2            0110-016F             60           1
        BANK3            0190-01EF             60           1
        CODE             0003-0003              1           2
                         07FF-0BFD              1
                         1000-1FFF            800
        COMMON           007B-007D              3           1
        CONST            0003-0003              1           2
                         07FF-0BFD            100
                         1000-1FFF            100
        EEDATA           2100-21FF            100           2
        ENTRY            0003-0003              1           2
                         07FF-0BFD            100
                         1000-1FFF            100
        IDLOC            2000-2003              4           2
        RAM              006A-006F              6           1
                         00B4-00EF             3C
                         0110-016F             60
                         0190-01EF             60
        SFR0             0000-001F             20           1
        SFR1             0080-009F             20           1
        SFR2             0100-010F             10           1
        SFR3             0180-018F             10           1
        STACK            0110-016F             60           1
        STRCODE          0003-0003              1           2
                         07FF-0BFD            3FF
                         1000-1FFF           1000
        STRING           0003-0003              1           2
                         07FF-0BFD            100
                         1000-1FFF            100

                                  Symbol Table

?_Calc_Temp_Avg                 cstackBANK0  0028
?_Temp_Sensor_ADC_Read          cstackBANK0  0053
?__Umul8_16                     cstackBANK0  0020
?___aldiv                       cstackBANK0  0026
?___flmul                       cstackBANK0  002E
?___fltol                       cstackBANK0  0048
?___lwdiv                       cstackBANK0  0020
?___lwmod                       cstackBANK0  0020
?___wmul                        cstackBANK0  0020
?___xxtofl                      cstackBANK0  0020
Add_New_Temp@Array              cstackBANK0  0028
Add_New_Temp@Newest_Value       cstackBANK0  0020
Add_New_Temp@element            cstackBANK0  0029
Calc_Temp_Avg@Array             cstackBANK0  0030
Calc_Temp_Avg@Avg               cstackBANK0  002E
Calc_Temp_Avg@Sum               cstackBANK0  0031
Calc_Temp_Avg@element           cstackBANK0  0033
EEPROM_Read@Address             cstackCOMMON 0073
EEPROM_Write@Address            cstackBANK0  0022
EEPROM_Write@Value              cstackBANK0  0021
I2C_Init@feq_K                  cstackBANK0  0037
I2C_Read_Byte@ack               cstackCOMMON 0071
I2C_Read_Byte@incoming          cstackCOMMON 0072
I2C_Write_Byte@val              cstackBANK0  0020
Sev_Seg_Enable@Disp             cstackBANK0  0022
Sev_Seg_Write@Num               cstackBANK0  0020
Sev_Seg_Write_99@Num            cstackBANK0  0028
Sev_Seg_Write_99@Tens           cstackBANK0  002D
Sev_Seg_Write_99@Units          cstackBANK0  002C
Temp_Array_Init@i               cstackBANK0  005C
Temp_Sensor_ADC_Read@result     cstackBANK0  0059
_ACKDT                          (abs)        048D
_ACKEN                          (abs)        048C
_ADCON0bits                     (abs)        001F
_ADCON1bits                     (abs)        009F
_ADRESH                         (abs)        001E
_ADRESL                         (abs)        009E
_Actual_Temp                    bssBANK0     0062
_Actual_Temp_Avg                bssBANK0     0060
_Add_New_Temp                   text7        0E3A
_Adjust_Temp                    text2        04E6
_Buttons_Init                   text46       0C23
_Calc_Temp_Avg                  text28       0EA6
_Current_State                  bssCOMMON    007A
_Desired_Temp                   bssBANK0     0064
_Down_Pressed                   text19       0CF1
_EEPROM_Init                    text42       0C2F
_EEPROM_Read                    text48       0D42
_EEPROM_Write                   text37       07DA
_Fan_Init                       text36       0BFE
_Fan_Start                      text6        0C12
_Fan_Stop                       text18       0C06
_First_Temp_Measured            nvBANK0      0067
_GIE                            (abs)        005F
_Heater_Init                    text35       0C02
_Heater_Start                   text5        0C16
_Heater_Stop                    text17       0C0A
_Heating_LED_Init               text34       0C36
_Heating_LED_Off                text16       0C0E
_Heating_LED_On                 text4        0C1A
_Heating_LED_Toggle             text3        0CA8
_I2C_Hold                       text41       0C80
_I2C_Init                       text43       0F29
_I2C_Read_Byte                  text51       0D66
_I2C_Start                      text40       0C56
_I2C_Stop                       text39       0C5F
_I2C_Write_Byte                 text38       0C8D
_INTCONbits                     (abs)        000B
_INTE                           (abs)        005C
_INTF                           (abs)        0059
_ON_Button_EXTI_Init            text33       0C3D
_OPTION_REGbits                 (abs)        0081
_PEIE                           (abs)        005E
_PIE1bits                       (abs)        008C
_PIR1bits                       (abs)        000C
_PORTBbits                      (abs)        0006
_PORTCbits                      (abs)        0007
_PORTD                          (abs)        0008
_RA3                            (abs)        002B
_RA4                            (abs)        002C
_RB0                            (abs)        0030
_RB1                            (abs)        0031
_RB2                            (abs)        0032
_SSPADD                         (abs)        0093
_SSPBUF                         (abs)        0013
_SSPCON                         (abs)        0014
_SSPCON2                        (abs)        0091
_SSPCON2bits                    (abs)        0091
_SSPSTAT                        (abs)        0094
_SettingMode_counter            bssCOMMON    0079
_Sev_Seg_Disable                text15       0C1E
_Sev_Seg_Enable                 text14       0D0C
_Sev_Seg_Init                   text32       0C29
_Sev_Seg_Write                  text13       0F70
_Sev_Seg_Write_99               text11       06C1
_Sys_Init                       text20       0FB7
_System_Interrupts              text47       05E3
_T1CONbits                      (abs)        0010
_TMR0                           (abs)        0001
_TMR0_Init                      text31       0C9A
_TMR1H                          (abs)        000F
_TMR1L                          (abs)        000E
_TMR1_Init                      text30       0CC9
_TRISAbits                      (abs)        0085
_TRISBbits                      (abs)        0086
_TRISCbits                      (abs)        0087
_TRISD                          (abs)        0088
_Task_ChangeTemp_State          text9        0657
_Task_OFF_State                 text8        0CB8
_Task_ON_State                  text1        0782
_Temp_Array_Init                text22       0DDD
_Temp_Measure_counter           bssCOMMON    0078
_Temp_Measure_indication        dataBANK0    0069
_Temp_Measurments               bssBANK1     00A0
_Temp_Sensor_ADC_Init           text21       0CDB
_Temp_Sensor_ADC_Read           text23       0726
_Toggle_indication              bssBANK0     0066
_Up_Pressed                     text10       0D27
__CFG_BOREN$OFF                 (abs)        0000
__CFG_CP$OFF                    (abs)        0000
__CFG_CPD$OFF                   (abs)        0000
__CFG_FOSC$HS                   (abs)        0000
__CFG_LVP$OFF                   (abs)        0000
__CFG_PWRTE$OFF                 (abs)        0000
__CFG_WDTE$OFF                  (abs)        0000
__CFG_WRT$OFF                   (abs)        0000
__Habs1                         abs1         0000
__Hbank0                        bank0        0000
__Hbank1                        bank1        0000
__Hbank2                        bank2        0000
__Hbank3                        bank3        0000
__HbssBANK0                     bssBANK0     0000
__HbssBANK1                     bssBANK1     0000
__HbssCOMMON                    bssCOMMON    0000
__Hcinit                        cinit        002C
__Hclrtext                      clrtext      0000
__Hcode                         code         0000
__Hcommon                       common       0000
__Hconfig                       config       2008
__HcstackBANK0                  cstackBANK0  0000
__HcstackCOMMON                 cstackCOMMON 0000
__HdataBANK0                    dataBANK0    0000
__Heeprom_data                  eeprom_data  0000
__Hend_init                     end_init     000F
__Hfunctab                      functab      0000
__HidataBANK0                   idataBANK0   0000
__Hidloc                        idloc        0000
__Hinit                         init         000C
__Hintentry                     intentry     000C
__Hmaintext                     maintext     0000
__HnvBANK0                      nvBANK0      0000
__Hpowerup                      powerup      0000
__Hram                          ram          0000
__Hreset_vec                    reset_vec    0003
__Hsfr0                         sfr0         0000
__Hsfr1                         sfr1         0000
__Hsfr2                         sfr2         0000
__Hsfr3                         sfr3         0000
__Hspace_0                      (abs)        2008
__Hspace_1                      (abs)        00B4
__Hspace_2                      (abs)        0000
__Hspace_3                      (abs)        0000
__Hstack                        stack        0000
__Hstrings                      strings      0000
__Htext                         text         0000
__Labs1                         abs1         0000
__Lbank0                        bank0        0000
__Lbank1                        bank1        0000
__Lbank2                        bank2        0000
__Lbank3                        bank3        0000
__LbssBANK0                     bssBANK0     0000
__LbssBANK1                     bssBANK1     0000
__LbssCOMMON                    bssCOMMON    0000
__Lcinit                        cinit        000F
__Lclrtext                      clrtext      0000
__Lcode                         code         0000
__Lcommon                       common       0000
__Lconfig                       config       2007
__LcstackBANK0                  cstackBANK0  0000
__LcstackCOMMON                 cstackCOMMON 0000
__LdataBANK0                    dataBANK0    0000
__Leeprom_data                  eeprom_data  0000
__Lend_init                     end_init     000C
__Lfunctab                      functab      0000
__LidataBANK0                   idataBANK0   0000
__Lidloc                        idloc        0000
__Linit                         init         000C
__Lintentry                     intentry     0004
__Lmaintext                     maintext     0000
__LnvBANK0                      nvBANK0      0000
__Lpowerup                      powerup      0000
__Lram                          ram          0000
__Lreset_vec                    reset_vec    0000
__Lsfr0                         sfr0         0000
__Lsfr1                         sfr1         0000
__Lsfr2                         sfr2         0000
__Lsfr3                         sfr3         0000
__Lspace_0                      (abs)        0000
__Lspace_1                      (abs)        0000
__Lspace_2                      (abs)        0000
__Lspace_3                      (abs)        0000
__Lstack                        stack        0000
__Lstrings                      strings      0000
__Ltext                         text         0000
__S0                            (abs)        2008
__S1                            (abs)        00B4
__S2                            (abs)        0000
__S3                            (abs)        0000
__Umul8_16                      text27       0DB4
__Umul8_16@multiplicand         cstackBANK0  0020
__Umul8_16@multiplier           cstackBANK0  0028
__Umul8_16@product              cstackBANK0  0024
__Umul8_16@word_mpld            cstackBANK0  0026
___aldiv                        text45       0449
___aldiv@counter                cstackBANK0  002F
___aldiv@dividend               cstackBANK0  002A
___aldiv@divisor                cstackBANK0  0026
___aldiv@quotient               cstackBANK0  0031
___aldiv@sign                   cstackBANK0  0030
___flmul                        text26       002C
___flmul@a                      cstackBANK0  0032
___flmul@aexp                   cstackBANK0  0040
___flmul@b                      cstackBANK0  002E
___flmul@bexp                   cstackBANK0  0041
___flmul@grs                    cstackBANK0  003C
___flmul@prod                   cstackBANK0  0042
___flmul@sign                   cstackBANK0  003B
___flmul@temp                   cstackBANK0  0046
___fltol                        text25       0567
___fltol@exp1                   cstackBANK0  0052
___fltol@f1                     cstackBANK0  0048
___fltol@sign1                  cstackBANK0  0051
___int_sp                       stack        0000
___latbits                      (abs)        0002
___lwdiv                        text29       0EE3
___lwdiv@counter                cstackBANK0  0027
___lwdiv@dividend               cstackBANK0  0022
___lwdiv@divisor                cstackBANK0  0020
___lwdiv@quotient               cstackBANK0  0025
___lwmod                        text12       0E6A
___lwmod@counter                cstackBANK0  0025
___lwmod@dividend               cstackBANK0  0022
___lwmod@divisor                cstackBANK0  0020
___sp                           stack        0000
___stackhi                      (abs)        0000
___stacklo                      (abs)        0000
___wmul                         text44       0D8D
___wmul@multiplicand            cstackBANK0  0022
___wmul@multiplier              cstackBANK0  0020
___wmul@product                 cstackBANK0  0024
___xxtofl                       text24       038D
___xxtofl@arg                   cstackBANK0  002A
___xxtofl@exp                   cstackBANK0  0029
___xxtofl@sign                  cstackBANK0  0028
___xxtofl@val                   cstackBANK0  0020
__end_of_Add_New_Temp           text7        0E6A
__end_of_Adjust_Temp            text2        0567
__end_of_Buttons_Init           text46       0C29
__end_of_Calc_Temp_Avg          text28       0EE3
__end_of_Down_Pressed           text19       0D0C
__end_of_EEPROM_Init            text42       0C36
__end_of_EEPROM_Read            text48       0D66
__end_of_EEPROM_Write           text37       07FE
__end_of_Fan_Init               text36       0C02
__end_of_Fan_Start              text6        0C16
__end_of_Fan_Stop               text18       0C0A
__end_of_Heater_Init            text35       0C06
__end_of_Heater_Start           text5        0C1A
__end_of_Heater_Stop            text17       0C0E
__end_of_Heating_LED_Init       text34       0C3D
__end_of_Heating_LED_Off        text16       0C12
__end_of_Heating_LED_On         text4        0C1E
__end_of_Heating_LED_Toggle     text3        0CB8
__end_of_I2C_Hold               text41       0C8D
__end_of_I2C_Init               text43       0F70
__end_of_I2C_Read_Byte          text51       0D8D
__end_of_I2C_Start              text40       0C5F
__end_of_I2C_Stop               text39       0C68
__end_of_I2C_Write_Byte         text38       0C9A
__end_of_ON_Button_EXTI_Init    text33       0C45
__end_of_Sev_Seg_Disable        text15       0C23
__end_of_Sev_Seg_Enable         text14       0D27
__end_of_Sev_Seg_Init           text32       0C2F
__end_of_Sev_Seg_Write          text13       0FB7
__end_of_Sev_Seg_Write_99       text11       0726
__end_of_Sys_Init               text20       1000
__end_of_System_Interrupts      text47       0657
__end_of_TMR0_Init              text31       0CA8
__end_of_TMR1_Init              text30       0CDB
__end_of_Task_ChangeTemp_State  text9        06C1
__end_of_Task_OFF_State         text8        0CC9
__end_of_Task_ON_State          text1        07DA
__end_of_Temp_Array_Init        text22       0E0B
__end_of_Temp_Sensor_ADC_Init   text21       0CF1
__end_of_Temp_Sensor_ADC_Read   text23       0782
__end_of_Up_Pressed             text10       0D42
__end_of__Umul8_16              text27       0DDD
__end_of___aldiv                text45       04E6
__end_of___flmul                text26       038D
__end_of___fltol                text25       05E3
__end_of___lwdiv                text29       0F29
__end_of___lwmod                text12       0EA6
__end_of___wmul                 text44       0DB4
__end_of___xxtofl               text24       0449
__end_of__initialization        cinit        0028
__end_of_main                   maintext     0E3A
__end_ofi1_I2C_Hold             text52       0C80
__end_ofi1_I2C_Start            text50       0C56
__end_ofi1_I2C_Write_Byte       text49       0C73
__initialization                cinit        000F
__pbssBANK0                     bssBANK0     0060
__pbssBANK1                     bssBANK1     00A0
__pbssCOMMON                    bssCOMMON    0078
__pcstackBANK0                  cstackBANK0  0020
__pcstackCOMMON                 cstackCOMMON 0070
__pdataBANK0                    dataBANK0    0069
__pidataBANK0                   idataBANK0   07FE
__pintentry                     intentry     0004
__pmaintext                     maintext     0E0B
__pnvBANK0                      nvBANK0      0067
__ptext1                        text1        0782
__ptext10                       text10       0D27
__ptext11                       text11       06C1
__ptext12                       text12       0E6A
__ptext13                       text13       0F70
__ptext14                       text14       0D0C
__ptext15                       text15       0C1E
__ptext16                       text16       0C0E
__ptext17                       text17       0C0A
__ptext18                       text18       0C06
__ptext19                       text19       0CF1
__ptext2                        text2        04E6
__ptext20                       text20       0FB7
__ptext21                       text21       0CDB
__ptext22                       text22       0DDD
__ptext23                       text23       0726
__ptext24                       text24       038D
__ptext25                       text25       0567
__ptext26                       text26       002C
__ptext27                       text27       0DB4
__ptext28                       text28       0EA6
__ptext29                       text29       0EE3
__ptext3                        text3        0CA8
__ptext30                       text30       0CC9
__ptext31                       text31       0C9A
__ptext32                       text32       0C29
__ptext33                       text33       0C3D
__ptext34                       text34       0C36
__ptext35                       text35       0C02
__ptext36                       text36       0BFE
__ptext37                       text37       07DA
__ptext38                       text38       0C8D
__ptext39                       text39       0C5F
__ptext4                        text4        0C1A
__ptext40                       text40       0C56
__ptext41                       text41       0C80
__ptext42                       text42       0C2F
__ptext43                       text43       0F29
__ptext44                       text44       0D8D
__ptext45                       text45       0449
__ptext46                       text46       0C23
__ptext47                       text47       05E3
__ptext48                       text48       0D42
__ptext49                       text49       0C68
__ptext5                        text5        0C16
__ptext50                       text50       0C4D
__ptext51                       text51       0D66
__ptext52                       text52       0C73
__ptext6                        text6        0C12
__ptext7                        text7        0E3A
__ptext8                        text8        0CB8
__ptext9                        text9        0657
__size_of_Add_New_Temp          (abs)        0000
__size_of_Adjust_Temp           (abs)        0000
__size_of_Buttons_Init          (abs)        0000
__size_of_Calc_Temp_Avg         (abs)        0000
__size_of_Down_Pressed          (abs)        0000
__size_of_EEPROM_Init           (abs)        0000
__size_of_EEPROM_Read           (abs)        0000
__size_of_EEPROM_Write          (abs)        0000
__size_of_Fan_Init              (abs)        0000
__size_of_Fan_Start             (abs)        0000
__size_of_Fan_Stop              (abs)        0000
__size_of_Heater_Init           (abs)        0000
__size_of_Heater_Start          (abs)        0000
__size_of_Heater_Stop           (abs)        0000
__size_of_Heating_LED_Init      (abs)        0000
__size_of_Heating_LED_Off       (abs)        0000
__size_of_Heating_LED_On        (abs)        0000
__size_of_Heating_LED_Toggle    (abs)        0000
__size_of_I2C_Hold              (abs)        0000
__size_of_I2C_Init              (abs)        0000
__size_of_I2C_Read_Byte         (abs)        0000
__size_of_I2C_Start             (abs)        0000
__size_of_I2C_Stop              (abs)        0000
__size_of_I2C_Write_Byte        (abs)        0000
__size_of_ON_Button_EXTI_Init   (abs)        0000
__size_of_Sev_Seg_Disable       (abs)        0000
__size_of_Sev_Seg_Enable        (abs)        0000
__size_of_Sev_Seg_Init          (abs)        0000
__size_of_Sev_Seg_Write         (abs)        0000
__size_of_Sev_Seg_Write_99      (abs)        0000
__size_of_Sys_Init              (abs)        0000
__size_of_System_Interrupts     (abs)        0000
__size_of_TMR0_Init             (abs)        0000
__size_of_TMR1_Init             (abs)        0000
__size_of_Task_ChangeTemp_State (abs)        0000
__size_of_Task_OFF_State        (abs)        0000
__size_of_Task_ON_State         (abs)        0000
__size_of_Temp_Array_Init       (abs)        0000
__size_of_Temp_Sensor_ADC_Init  (abs)        0000
__size_of_Temp_Sensor_ADC_Read  (abs)        0000
__size_of_Up_Pressed            (abs)        0000
__size_of__Umul8_16             (abs)        0000
__size_of___aldiv               (abs)        0000
__size_of___flmul               (abs)        0000
__size_of___fltol               (abs)        0000
__size_of___lwdiv               (abs)        0000
__size_of___lwmod               (abs)        0000
__size_of___wmul                (abs)        0000
__size_of___xxtofl              (abs)        0000
__size_of_main                  (abs)        0000
__size_ofi1_I2C_Hold            (abs)        0000
__size_ofi1_I2C_Start           (abs)        0000
__size_ofi1_I2C_Write_Byte      (abs)        0000
_main                           maintext     0E0B
btemp                           (abs)        007E
clear_ram0                      clrtext      0C45
end_of_initialization           cinit        0028
i1I2C_Write_Byte@val            cstackCOMMON 0070
i1_I2C_Hold                     text52       0C73
i1_I2C_Start                    text50       0C4D
i1_I2C_Write_Byte               text49       0C68
interrupt_function              intentry     0004
intlevel0                       functab      0000
intlevel1                       functab      0000
intlevel2                       functab      0000
intlevel3                       functab      0000
intlevel4                       functab      0000
intlevel5                       functab      0000
reset_vec                       reset_vec    0000
saved_w                         (abs)        007E
start                           init         000C
start_initialization            cinit        000F
wtemp0                          (abs)        007E


FUNCTION INFORMATION:

 *************** function _main *****************
 Defined at:
		line 114 in file "Electric_Water_Heater.c"
 Parameters:    Size  Location     Type
		None
 Auto vars:     Size  Location     Type
		None
 Return value:  Size  Location     Type
                  1    wreg      void 
 Registers used:
		wreg, fsr0l, fsr0h, status,2, status,0, btemp+1, pclath, cstack
 Tracked objects:
		On entry : 
		On exit  : 
		Unchanged: 
 Data sizes:     COMMON   BANK0   BANK1   BANK3   BANK2
      Params:         0       0       0       0       0
      Locals:         0       0       0       0       0
      Temps:          0       2       0       0       0
      Totals:         0       2       0       0       0
Total ram usage:        2 bytes
 Hardware stack levels required when called:    9
 This function calls:
		_Sys_Init
		_Task_ChangeTemp_State
		_Task_OFF_State
		_Task_ON_State
 This function is called by:
		Startup code after reset
 This function uses a non-reentrant model


 *************** function _Task_ON_State *****************
 Defined at:
		line 17 in file "System.c"
 Parameters:    Size  Location     Type
		None
 Auto vars:     Size  Location     Type
		None
 Return value:  Size  Location     Type
                  1    wreg      void 
 Registers used:
		wreg, fsr0l, fsr0h, status,2, status,0, btemp+1, pclath, cstack
 Tracked objects:
		On entry : 
		On exit  : 
		Unchanged: 
 Data sizes:     COMMON   BANK0   BANK1   BANK3   BANK2
      Params:         0       0       0       0       0
      Locals:         0       0       0       0       0
      Temps:          0       1       0       0       0
      Totals:         0       1       0       0       0
Total ram usage:        1 bytes
 Hardware stack levels used:    1
 Hardware stack levels required when called:    7
 This function calls:
		_Add_New_Temp
		_Adjust_Temp
		_Calc_Temp_Avg
		_Down_Pressed
		_Sev_Seg_Disable
		_Sev_Seg_Write_99
		_Temp_Sensor_ADC_Read
		_Up_Pressed
 This function is called by:
		_main
 This function uses a non-reentrant model


 *************** function _Adjust_Temp *****************
 Defined at:
		line 101 in file "System.c"
 Parameters:    Size  Location     Type
		None
 Auto vars:     Size  Location     Type
		None
 Return value:  Size  Location     Type
                  1    wreg      void 
 Registers used:
		wreg, status,2, status,0, pclath, cstack
 Tracked objects:
		On entry : 
		On exit  : 
		Unchanged: 
 Data sizes:     COMMON   BANK0   BANK1   BANK3   BANK2
      Params:         0       0       0       0       0
      Locals:         0       0       0       0       0
      Temps:          0       2       0       0       0
      Totals:         0       2       0       0       0
Total ram usage:        2 bytes
 Hardware stack levels used:    1
 Hardware stack levels required when called:    5
 This function calls:
		_Fan_Start
		_Fan_Stop
		_Heater_Start
		_Heater_Stop
		_Heating_LED_Off
		_Heating_LED_On
		_Heating_LED_Toggle
 This function is called by:
		_Task_ON_State
 This function uses a non-reentrant model


 *************** function _Heating_LED_Toggle *****************
 Defined at:
		line 17 in file "Leds.c"
 Parameters:    Size  Location     Type
		None
 Auto vars:     Size  Location     Type
		None
 Return value:  Size  Location     Type
                  1    wreg      void 
 Registers used:
		wreg, status,2, status,0
 Tracked objects:
		On entry : 
		On exit  : 
		Unchanged: 
 Data sizes:     COMMON   BANK0   BANK1   BANK3   BANK2
      Params:         0       0       0       0       0
      Locals:         0       0       0       0       0
      Temps:          0       1       0       0       0
      Totals:         0       1       0       0       0
Total ram usage:        1 bytes
 Hardware stack levels used:    1
 Hardware stack levels required when called:    4
 This function calls:
		Nothing
 This function is called by:
		_Adjust_Temp
 This function uses a non-reentrant model


 *************** function _Heating_LED_On *****************
 Defined at:
		line 8 in file "Leds.c"
 Parameters:    Size  Location     Type
		None
 Auto vars:     Size  Location     Type
		None
 Return value:  Size  Location     Type
                  1    wreg      void 
 Registers used:
		None
 Tracked objects:
		On entry : 
		On exit  : 
		Unchanged: 
 Data sizes:     COMMON   BANK0   BANK1   BANK3   BANK2
      Params:         0       0       0       0       0
      Locals:         0       0       0       0       0
      Temps:          0       0       0       0       0
      Totals:         0       0       0       0       0
Total ram usage:        0 bytes
 Hardware stack levels used:    1
 Hardware stack levels required when called:    4
 This function calls:
		Nothing
 This function is called by:
		_Adjust_Temp
 This function uses a non-reentrant model


 *************** function _Heater_Start *****************
 Defined at:
		line 9 in file "Heater.c"
 Parameters:    Size  Location     Type
		None
 Auto vars:     Size  Location     Type
		None
 Return value:  Size  Location     Type
                  1    wreg      void 
 Registers used:
		None
 Tracked objects:
		On entry : 
		On exit  : 
		Unchanged: 
 Data sizes:     COMMON   BANK0   BANK1   BANK3   BANK2
      Params:         0       0       0       0       0
      Locals:         0       0       0       0       0
      Temps:          0       0       0       0       0
      Totals:         0       0       0       0       0
Total ram usage:        0 bytes
 Hardware stack levels used:    1
 Hardware stack levels required when called:    4
 This function calls:
		Nothing
 This function is called by:
		_Adjust_Temp
 This function uses a non-reentrant model


 *************** function _Fan_Start *****************
 Defined at:
		line 7 in file "Fan.c"
 Parameters:    Size  Location     Type
		None
 Auto vars:     Size  Location     Type
		None
 Return value:  Size  Location     Type
                  1    wreg      void 
 Registers used:
		None
 Tracked objects:
		On entry : 
		On exit  : 
		Unchanged: 
 Data sizes:     COMMON   BANK0   BANK1   BANK3   BANK2
      Params:         0       0       0       0       0
      Locals:         0       0       0       0       0
      Temps:          0       0       0       0       0
      Totals:         0       0       0       0       0
Total ram usage:        0 bytes
 Hardware stack levels used:    1
 Hardware stack levels required when called:    4
 This function calls:
		Nothing
 This function is called by:
		_Adjust_Temp
 This function uses a non-reentrant model


 *************** function _Add_New_Temp *****************
 Defined at:
		line 137 in file "System.c"
 Parameters:    Size  Location     Type
  Array           1    wreg     PTR unsigned int 
		 -> Temp_Measurments(20), 
  Newest_Value    2    0[BANK0 ] unsigned int 
 Auto vars:     Size  Location     Type
  Array           1    8[BANK0 ] PTR unsigned int 
		 -> Temp_Measurments(20), 
  element         1    9[BANK0 ] unsigned char 
 Return value:  Size  Location     Type
                  1    wreg      void 
 Registers used:
		wreg, fsr0l, fsr0h, status,2, status,0
 Tracked objects:
		On entry : 
		On exit  : 
		Unchanged: 
 Data sizes:     COMMON   BANK0   BANK1   BANK3   BANK2
      Params:         0       2       0       0       0
      Locals:         0       2       0       0       0
      Temps:          0       6       0       0       0
      Totals:         0      10       0       0       0
Total ram usage:       10 bytes
 Hardware stack levels used:    1
 Hardware stack levels required when called:    4
 This function calls:
		Nothing
 This function is called by:
		_Task_ON_State
 This function uses a non-reentrant model


 *************** function _Task_OFF_State *****************
 Defined at:
		line 8 in file "System.c"
 Parameters:    Size  Location     Type
		None
 Auto vars:     Size  Location     Type
		None
 Return value:  Size  Location     Type
                  1    wreg      void 
 Registers used:
		status,2, status,0, pclath, cstack
 Tracked objects:
		On entry : 
		On exit  : 
		Unchanged: 
 Data sizes:     COMMON   BANK0   BANK1   BANK3   BANK2
      Params:         0       0       0       0       0
      Locals:         0       0       0       0       0
      Temps:          0       0       0       0       0
      Totals:         0       0       0       0       0
Total ram usage:        0 bytes
 Hardware stack levels used:    1
 Hardware stack levels required when called:    5
 This function calls:
		_Fan_Stop
		_Heater_Stop
		_Sev_Seg_Disable
 This function is called by:
		_main
 This function uses a non-reentrant model


 *************** function _Task_ChangeTemp_State *****************
 Defined at:
		line 42 in file "System.c"
 Parameters:    Size  Location     Type
		None
 Auto vars:     Size  Location     Type
		None
 Return value:  Size  Location     Type
                  1    wreg      void 
 Registers used:
		wreg, fsr0l, fsr0h, status,2, status,0, pclath, cstack
 Tracked objects:
		On entry : 
		On exit  : 
		Unchanged: 
 Data sizes:     COMMON   BANK0   BANK1   BANK3   BANK2
      Params:         0       0       0       0       0
      Locals:         0       0       0       0       0
      Temps:          0       1       0       0       0
      Totals:         0       1       0       0       0
Total ram usage:        1 bytes
 Hardware stack levels used:    1
 Hardware stack levels required when called:    7
 This function calls:
		_Down_Pressed
		_EEPROM_Write
		_Fan_Stop
		_Heater_Stop
		_Heating_LED_Off
		_Sev_Seg_Disable
		_Sev_Seg_Write_99
		_Up_Pressed
 This function is called by:
		_main
 This function uses a non-reentrant model


 *************** function _Up_Pressed *****************
 Defined at:
		line 24 in file "Buttons.c"
 Parameters:    Size  Location     Type
		None
 Auto vars:     Size  Location     Type
		None
 Return value:  Size  Location     Type
                  1    wreg      unsigned char 
 Registers used:
		wreg
 Tracked objects:
		On entry : 
		On exit  : 
		Unchanged: 
 Data sizes:     COMMON   BANK0   BANK1   BANK3   BANK2
      Params:         0       0       0       0       0
      Locals:         0       0       0       0       0
      Temps:          0       2       0       0       0
      Totals:         0       2       0       0       0
Total ram usage:        2 bytes
 Hardware stack levels used:    1
 Hardware stack levels required when called:    4
 This function calls:
		Nothing
 This function is called by:
		_Task_ON_State
		_Task_ChangeTemp_State
 This function uses a non-reentrant model


 *************** function _Sev_Seg_Write_99 *****************
 Defined at:
		line 94 in file "display7s.c"
 Parameters:    Size  Location     Type
  Num             2    8[BANK0 ] unsigned int 
 Auto vars:     Size  Location     Type
  Tens            1   13[BANK0 ] unsigned char 
  Units           1   12[BANK0 ] unsigned char 
 Return value:  Size  Location     Type
                  1    wreg      void 
 Registers used:
		wreg, fsr0l, fsr0h, status,2, status,0, pclath, cstack
 Tracked objects:
		On entry : 
		On exit  : 
		Unchanged: 
 Data sizes:     COMMON   BANK0   BANK1   BANK3   BANK2
      Params:         0       2       0       0       0
      Locals:         0       2       0       0       0
      Temps:          0       2       0       0       0
      Totals:         0       6       0       0       0
Total ram usage:        6 bytes
 Hardware stack levels used:    1
 Hardware stack levels required when called:    5
 This function calls:
		_Sev_Seg_Enable
		_Sev_Seg_Write
		___lwdiv
		___lwmod
 This function is called by:
		_Task_ON_State
		_Task_ChangeTemp_State
 This function uses a non-reentrant model


 *************** function ___lwmod *****************
 Defined at:
		line 5 in file "C:\Program Files (x86)\Microchip\xc8\v2.10\pic\sources\c90\common\lwmod.c"
 Parameters:    Size  Location     Type
  divisor         2    0[BANK0 ] unsigned int 
  dividend        2    2[BANK0 ] unsigned int 
 Auto vars:     Size  Location     Type
  counter         1    5[BANK0 ] unsigned char 
 Return value:  Size  Location     Type
                  2    0[BANK0 ] unsigned int 
 Registers used:
		wreg, status,2, status,0
 Tracked objects:
		On entry : 
		On exit  : 
		Unchanged: 
 Data sizes:     COMMON   BANK0   BANK1   BANK3   BANK2
      Params:         0       4       0       0       0
      Locals:         0       1       0       0       0
      Temps:          0       1       0       0       0
      Totals:         0       6       0       0       0
Total ram usage:        6 bytes
 Hardware stack levels used:    1
 Hardware stack levels required when called:    4
 This function calls:
		Nothing
 This function is called by:
		_Sev_Seg_Write_99
 This function uses a non-reentrant model


 *************** function _Sev_Seg_Write *****************
 Defined at:
		line 14 in file "display7s.c"
 Parameters:    Size  Location     Type
  Num             2    0[BANK0 ] unsigned int 
 Auto vars:     Size  Location     Type
		None
 Return value:  Size  Location     Type
                  1    wreg      void 
 Registers used:
		wreg, fsr0l, fsr0h, status,2, status,0
 Tracked objects:
		On entry : 
		On exit  : 
		Unchanged: 
 Data sizes:     COMMON   BANK0   BANK1   BANK3   BANK2
      Params:         0       2       0       0       0
      Locals:         0       0       0       0       0
      Temps:          0       0       0       0       0
      Totals:         0       2       0       0       0
Total ram usage:        2 bytes
 Hardware stack levels used:    1
 Hardware stack levels required when called:    4
 This function calls:
		Nothing
 This function is called by:
		_Sev_Seg_Write_99
 This function uses a non-reentrant model


 *************** function _Sev_Seg_Enable *****************
 Defined at:
		line 60 in file "display7s.c"
 Parameters:    Size  Location     Type
  Disp            1    wreg     unsigned char 
 Auto vars:     Size  Location     Type
  Disp            1    2[BANK0 ] unsigned char 
 Return value:  Size  Location     Type
                  1    wreg      void 
 Registers used:
		wreg, fsr0l, fsr0h, status,2, status,0
 Tracked objects:
		On entry : 
		On exit  : 
		Unchanged: 
 Data sizes:     COMMON   BANK0   BANK1   BANK3   BANK2
      Params:         0       0       0       0       0
      Locals:         0       1       0       0       0
      Temps:          0       2       0       0       0
      Totals:         0       3       0       0       0
Total ram usage:        3 bytes
 Hardware stack levels used:    1
 Hardware stack levels required when called:    4
 This function calls:
		Nothing
 This function is called by:
		_Sev_Seg_Write_99
 This function uses a non-reentrant model


 *************** function _Sev_Seg_Disable *****************
 Defined at:
		line 79 in file "display7s.c"
 Parameters:    Size  Location     Type
		None
 Auto vars:     Size  Location     Type
		None
 Return value:  Size  Location     Type
                  1    wreg      void 
 Registers used:
		None
 Tracked objects:
		On entry : 
		On exit  : 
		Unchanged: 
 Data sizes:     COMMON   BANK0   BANK1   BANK3   BANK2
      Params:         0       0       0       0       0
      Locals:         0       0       0       0       0
      Temps:          0       0       0       0       0
      Totals:         0       0       0       0       0
Total ram usage:        0 bytes
 Hardware stack levels used:    1
 Hardware stack levels required when called:    4
 This function calls:
		Nothing
 This function is called by:
		_Task_OFF_State
		_Task_ON_State
		_Task_ChangeTemp_State
 This function uses a non-reentrant model


 *************** function _Heating_LED_Off *****************
 Defined at:
		line 12 in file "Leds.c"
 Parameters:    Size  Location     Type
		None
 Auto vars:     Size  Location     Type
		None
 Return value:  Size  Location     Type
                  1    wreg      void 
 Registers used:
		None
 Tracked objects:
		On entry : 
		On exit  : 
		Unchanged: 
 Data sizes:     COMMON   BANK0   BANK1   BANK3   BANK2
      Params:         0       0       0       0       0
      Locals:         0       0       0       0       0
      Temps:          0       0       0       0       0
      Totals:         0       0       0       0       0
Total ram usage:        0 bytes
 Hardware stack levels used:    1
 Hardware stack levels required when called:    4
 This function calls:
		Nothing
 This function is called by:
		_Task_ChangeTemp_State
		_Adjust_Temp
 This function uses a non-reentrant model


 *************** function _Heater_Stop *****************
 Defined at:
		line 13 in file "Heater.c"
 Parameters:    Size  Location     Type
		None
 Auto vars:     Size  Location     Type
		None
 Return value:  Size  Location     Type
                  1    wreg      void 
 Registers used:
		None
 Tracked objects:
		On entry : 
		On exit  : 
		Unchanged: 
 Data sizes:     COMMON   BANK0   BANK1   BANK3   BANK2
      Params:         0       0       0       0       0
      Locals:         0       0       0       0       0
      Temps:          0       0       0       0       0
      Totals:         0       0       0       0       0
Total ram usage:        0 bytes
 Hardware stack levels used:    1
 Hardware stack levels required when called:    4
 This function calls:
		Nothing
 This function is called by:
		_Task_OFF_State
		_Task_ChangeTemp_State
		_Adjust_Temp
 This function uses a non-reentrant model


 *************** function _Fan_Stop *****************
 Defined at:
		line 11 in file "Fan.c"
 Parameters:    Size  Location     Type
		None
 Auto vars:     Size  Location     Type
		None
 Return value:  Size  Location     Type
                  1    wreg      void 
 Registers used:
		None
 Tracked objects:
		On entry : 
		On exit  : 
		Unchanged: 
 Data sizes:     COMMON   BANK0   BANK1   BANK3   BANK2
      Params:         0       0       0       0       0
      Locals:         0       0       0       0       0
      Temps:          0       0       0       0       0
      Totals:         0       0       0       0       0
Total ram usage:        0 bytes
 Hardware stack levels used:    1
 Hardware stack levels required when called:    4
 This function calls:
		Nothing
 This function is called by:
		_Task_OFF_State
		_Task_ChangeTemp_State
		_Adjust_Temp
 This function uses a non-reentrant model


 *************** function _Down_Pressed *****************
 Defined at:
		line 39 in file "Buttons.c"
 Parameters:    Size  Location     Type
		None
 Auto vars:     Size  Location     Type
		None
 Return value:  Size  Location     Type
                  1    wreg      unsigned char 
 Registers used:
		wreg
 Tracked objects:
		On entry : 
		On exit  : 
		Unchanged: 
 Data sizes:     COMMON   BANK0   BANK1   BANK3   BANK2
      Params:         0       0       0       0       0
      Locals:         0       0       0       0       0
      Temps:          0       2       0       0       0
      Totals:         0       2       0       0       0
Total ram usage:        2 bytes
 Hardware stack levels used:    1
 Hardware stack levels required when called:    4
 This function calls:
		Nothing
 This function is called by:
		_Task_ON_State
		_Task_ChangeTemp_State
 This function uses a non-reentrant model


 *************** function _Sys_Init *****************
 Defined at:
		line 73 in file "System.c"
 Parameters:    Size  Location     Type
		None
 Auto vars:     Size  Location     Type
		None
 Return value:  Size  Location     Type
                  1    wreg      void 
 Registers used:
		wreg, fsr0l, fsr0h, status,2, status,0, btemp+1, pclath, cstack
 Tracked objects:
		On entry : 
		On exit  : 
		Unchanged: 
 Data sizes:     COMMON   BANK0   BANK1   BANK3   BANK2
      Params:         0       0       0       0       0
      Locals:         0       0       0       0       0
      Temps:          0       1       0       0       0
      Totals:         0       1       0       0       0
Total ram usage:        1 bytes
 Hardware stack levels used:    1
 Hardware stack levels required when called:    8
 This function calls:
		_Buttons_Init
		_EEPROM_Init
		_EEPROM_Write
		_Fan_Init
		_Heater_Init
		_Heating_LED_Init
		_ON_Button_EXTI_Init
		_Sev_Seg_Init
		_TMR0_Init
		_TMR1_Init
		_Temp_Array_Init
		_Temp_Sensor_ADC_Init
 This function is called by:
		_main
 This function uses a non-reentrant model


 *************** function _Temp_Sensor_ADC_Init *****************
 Defined at:
		line 8 in file "Temp.c"
 Parameters:    Size  Location     Type
		None
 Auto vars:     Size  Location     Type
		None
 Return value:  Size  Location     Type
                  1    wreg      void 
 Registers used:
		None
 Tracked objects:
		On entry : 
		On exit  : 
		Unchanged: 
 Data sizes:     COMMON   BANK0   BANK1   BANK3   BANK2
      Params:         0       0       0       0       0
      Locals:         0       0       0       0       0
      Temps:          0       0       0       0       0
      Totals:         0       0       0       0       0
Total ram usage:        0 bytes
 Hardware stack levels used:    1
 Hardware stack levels required when called:    4
 This function calls:
		Nothing
 This function is called by:
		_Sys_Init
 This function uses a non-reentrant model


 *************** function _Temp_Array_Init *****************
 Defined at:
		line 166 in file "System.c"
 Parameters:    Size  Location     Type
		None
 Auto vars:     Size  Location     Type
  i               1   60[BANK0 ] unsigned char 
 Return value:  Size  Location     Type
                  1    wreg      void 
 Registers used:
		wreg, fsr0l, fsr0h, status,2, status,0, btemp+1, pclath, cstack
 Tracked objects:
		On entry : 
		On exit  : 
		Unchanged: 
 Data sizes:     COMMON   BANK0   BANK1   BANK3   BANK2
      Params:         0       0       0       0       0
      Locals:         0       1       0       0       0
      Temps:          0       1       0       0       0
      Totals:         0       2       0       0       0
Total ram usage:        2 bytes
 Hardware stack levels used:    1
 Hardware stack levels required when called:    7
 This function calls:
		_Calc_Temp_Avg
		_Temp_Sensor_ADC_Read
 This function is called by:
		_Sys_Init
 This function uses a non-reentrant model


 *************** function _Temp_Sensor_ADC_Read *****************
 Defined at:
		line 34 in file "Temp.c"
 Parameters:    Size  Location     Type
		None
 Auto vars:     Size  Location     Type
  result          2   57[BANK0 ] unsigned int 
 Return value:  Size  Location     Type
                  2   51[BANK0 ] unsigned int 
 Registers used:
		wreg, status,2, status,0, btemp+1, pclath, cstack
 Tracked objects:
		On entry : 
		On exit  : 
		Unchanged: 
 Data sizes:     COMMON   BANK0   BANK1   BANK3   BANK2
      Params:         0       2       0       0       0
      Locals:         0       2       0       0       0
      Temps:          0       4       0       0       0
      Totals:         0       8       0       0       0
Total ram usage:        8 bytes
 Hardware stack levels used:    1
 Hardware stack levels required when called:    6
 This function calls:
		___flmul
		___fltol
		___xxtofl
 This function is called by:
		_Task_ON_State
		_Temp_Array_Init
 This function uses a non-reentrant model


 *************** function ___xxtofl *****************
 Defined at:
		line 10 in file "C:\Program Files (x86)\Microchip\xc8\v2.10\pic\sources\c90\common\xxtofl.c"
 Parameters:    Size  Location     Type
  sign            1    wreg     unsigned char 
  val             4    0[BANK0 ] long 
 Auto vars:     Size  Location     Type
  sign            1    8[BANK0 ] unsigned char 
  arg             4   10[BANK0 ] unsigned long 
  exp             1    9[BANK0 ] unsigned char 
 Return value:  Size  Location     Type
                  4    0[BANK0 ] unsigned char 
 Registers used:
		wreg, status,2, status,0
 Tracked objects:
		On entry : 
		On exit  : 
		Unchanged: 
 Data sizes:     COMMON   BANK0   BANK1   BANK3   BANK2
      Params:         0       4       0       0       0
      Locals:         0       6       0       0       0
      Temps:          0       4       0       0       0
      Totals:         0      14       0       0       0
Total ram usage:       14 bytes
 Hardware stack levels used:    1
 Hardware stack levels required when called:    4
 This function calls:
		Nothing
 This function is called by:
		_Temp_Sensor_ADC_Read
 This function uses a non-reentrant model


 *************** function ___fltol *****************
 Defined at:
		line 43 in file "C:\Program Files (x86)\Microchip\xc8\v2.10\pic\sources\c90\common\fltol.c"
 Parameters:    Size  Location     Type
  f1              4   40[BANK0 ] unsigned char 
 Auto vars:     Size  Location     Type
  exp1            1   50[BANK0 ] unsigned char 
  sign1           1   49[BANK0 ] unsigned char 
 Return value:  Size  Location     Type
                  4   40[BANK0 ] long 
 Registers used:
		wreg, status,2, status,0
 Tracked objects:
		On entry : 
		On exit  : 
		Unchanged: 
 Data sizes:     COMMON   BANK0   BANK1   BANK3   BANK2
      Params:         0       4       0       0       0
      Locals:         0       2       0       0       0
      Temps:          0       5       0       0       0
      Totals:         0      11       0       0       0
Total ram usage:       11 bytes
 Hardware stack levels used:    1
 Hardware stack levels required when called:    4
 This function calls:
		Nothing
 This function is called by:
		_Temp_Sensor_ADC_Read
 This function uses a non-reentrant model


 *************** function ___flmul *****************
 Defined at:
		line 8 in file "C:\Program Files (x86)\Microchip\xc8\v2.10\pic\sources\c90\common\sprcmul.c"
 Parameters:    Size  Location     Type
  b               4   14[BANK0 ] long 
  a               4   18[BANK0 ] long 
 Auto vars:     Size  Location     Type
  prod            4   34[BANK0 ] struct .
  grs             4   28[BANK0 ] unsigned long 
  temp            2   38[BANK0 ] struct .
  bexp            1   33[BANK0 ] unsigned char 
  aexp            1   32[BANK0 ] unsigned char 
  sign            1   27[BANK0 ] unsigned char 
 Return value:  Size  Location     Type
                  4   14[BANK0 ] unsigned char 
 Registers used:
		wreg, status,2, status,0, btemp+1, pclath, cstack
 Tracked objects:
		On entry : 
		On exit  : 
		Unchanged: 
 Data sizes:     COMMON   BANK0   BANK1   BANK3   BANK2
      Params:         0       8       0       0       0
      Locals:         0      13       0       0       0
      Temps:          0       5       0       0       0
      Totals:         0      26       0       0       0
Total ram usage:       26 bytes
 Hardware stack levels used:    1
 Hardware stack levels required when called:    5
 This function calls:
		__Umul8_16
 This function is called by:
		_Temp_Sensor_ADC_Read
 This function uses a non-reentrant model


 *************** function __Umul8_16 *****************
 Defined at:
		line 4 in file "C:\Program Files (x86)\Microchip\xc8\v2.10\pic\sources\c90\common\Umul8_16.c"
 Parameters:    Size  Location     Type
  multiplier      1    wreg     unsigned char 
  multiplicand    1    0[BANK0 ] unsigned char 
 Auto vars:     Size  Location     Type
  multiplier      1    8[BANK0 ] unsigned char 
  word_mpld       2    6[BANK0 ] unsigned int 
  product         2    4[BANK0 ] unsigned int 
 Return value:  Size  Location     Type
                  2    0[BANK0 ] unsigned int 
 Registers used:
		wreg, status,2, status,0
 Tracked objects:
		On entry : 
		On exit  : 
		Unchanged: 
 Data sizes:     COMMON   BANK0   BANK1   BANK3   BANK2
      Params:         0       2       0       0       0
      Locals:         0       5       0       0       0
      Temps:          0       2       0       0       0
      Totals:         0       9       0       0       0
Total ram usage:        9 bytes
 Hardware stack levels used:    1
 Hardware stack levels required when called:    4
 This function calls:
		Nothing
 This function is called by:
		___flmul
 This function uses a non-reentrant model


 *************** function _Calc_Temp_Avg *****************
 Defined at:
		line 151 in file "System.c"
 Parameters:    Size  Location     Type
  Array           1    wreg     PTR unsigned int 
		 -> Temp_Measurments(20), 
 Auto vars:     Size  Location     Type
  Array           1   16[BANK0 ] PTR unsigned int 
		 -> Temp_Measurments(20), 
  element         1   19[BANK0 ] unsigned char 
  Sum             2   17[BANK0 ] unsigned int 
  Avg             2   14[BANK0 ] unsigned int 
 Return value:  Size  Location     Type
                  2    8[BANK0 ] unsigned int 
 Registers used:
		wreg, fsr0l, fsr0h, status,2, status,0, pclath, cstack
 Tracked objects:
		On entry : 
		On exit  : 
		Unchanged: 
 Data sizes:     COMMON   BANK0   BANK1   BANK3   BANK2
      Params:         0       2       0       0       0
      Locals:         0       6       0       0       0
      Temps:          0       4       0       0       0
      Totals:         0      12       0       0       0
Total ram usage:       12 bytes
 Hardware stack levels used:    1
 Hardware stack levels required when called:    5
 This function calls:
		___lwdiv
 This function is called by:
		_Task_ON_State
		_Temp_Array_Init
 This function uses a non-reentrant model


 *************** function ___lwdiv *****************
 Defined at:
		line 5 in file "C:\Program Files (x86)\Microchip\xc8\v2.10\pic\sources\c90\common\lwdiv.c"
 Parameters:    Size  Location     Type
  divisor         2    0[BANK0 ] unsigned int 
  dividend        2    2[BANK0 ] unsigned int 
 Auto vars:     Size  Location     Type
  quotient        2    5[BANK0 ] unsigned int 
  counter         1    7[BANK0 ] unsigned char 
 Return value:  Size  Location     Type
                  2    0[BANK0 ] unsigned int 
 Registers used:
		wreg, status,2, status,0
 Tracked objects:
		On entry : 
		On exit  : 
		Unchanged: 
 Data sizes:     COMMON   BANK0   BANK1   BANK3   BANK2
      Params:         0       4       0       0       0
      Locals:         0       3       0       0       0
      Temps:          0       1       0       0       0
      Totals:         0       8       0       0       0
Total ram usage:        8 bytes
 Hardware stack levels used:    1
 Hardware stack levels required when called:    4
 This function calls:
		Nothing
 This function is called by:
		_Calc_Temp_Avg
		_Sev_Seg_Write_99
 This function uses a non-reentrant model


 *************** function _TMR1_Init *****************
 Defined at:
		line 5 in file "Timer.c"
 Parameters:    Size  Location     Type
		None
 Auto vars:     Size  Location     Type
		None
 Return value:  Size  Location     Type
                  1    wreg      void 
 Registers used:
		wreg
 Tracked objects:
		On entry : 
		On exit  : 
		Unchanged: 
 Data sizes:     COMMON   BANK0   BANK1   BANK3   BANK2
      Params:         0       0       0       0       0
      Locals:         0       0       0       0       0
      Temps:          0       0       0       0       0
      Totals:         0       0       0       0       0
Total ram usage:        0 bytes
 Hardware stack levels used:    1
 Hardware stack levels required when called:    4
 This function calls:
		Nothing
 This function is called by:
		_Sys_Init
 This function uses a non-reentrant model


 *************** function _TMR0_Init *****************
 Defined at:
		line 31 in file "Timer.c"
 Parameters:    Size  Location     Type
		None
 Auto vars:     Size  Location     Type
		None
 Return value:  Size  Location     Type
                  1    wreg      void 
 Registers used:
		wreg
 Tracked objects:
		On entry : 
		On exit  : 
		Unchanged: 
 Data sizes:     COMMON   BANK0   BANK1   BANK3   BANK2
      Params:         0       0       0       0       0
      Locals:         0       0       0       0       0
      Temps:          0       0       0       0       0
      Totals:         0       0       0       0       0
Total ram usage:        0 bytes
 Hardware stack levels used:    1
 Hardware stack levels required when called:    4
 This function calls:
		Nothing
 This function is called by:
		_Sys_Init
 This function uses a non-reentrant model


 *************** function _Sev_Seg_Init *****************
 Defined at:
		line 84 in file "display7s.c"
 Parameters:    Size  Location     Type
		None
 Auto vars:     Size  Location     Type
		None
 Return value:  Size  Location     Type
                  1    wreg      void 
 Registers used:
		status,2
 Tracked objects:
		On entry : 
		On exit  : 
		Unchanged: 
 Data sizes:     COMMON   BANK0   BANK1   BANK3   BANK2
      Params:         0       0       0       0       0
      Locals:         0       0       0       0       0
      Temps:          0       0       0       0       0
      Totals:         0       0       0       0       0
Total ram usage:        0 bytes
 Hardware stack levels used:    1
 Hardware stack levels required when called:    4
 This function calls:
		Nothing
 This function is called by:
		_Sys_Init
 This function uses a non-reentrant model


 *************** function _ON_Button_EXTI_Init *****************
 Defined at:
		line 14 in file "Buttons.c"
 Parameters:    Size  Location     Type
		None
 Auto vars:     Size  Location     Type
		None
 Return value:  Size  Location     Type
                  1    wreg      void 
 Registers used:
		None
 Tracked objects:
		On entry : 
		On exit  : 
		Unchanged: 
 Data sizes:     COMMON   BANK0   BANK1   BANK3   BANK2
      Params:         0       0       0       0       0
      Locals:         0       0       0       0       0
      Temps:          0       0       0       0       0
      Totals:         0       0       0       0       0
Total ram usage:        0 bytes
 Hardware stack levels used:    1
 Hardware stack levels required when called:    4
 This function calls:
		Nothing
 This function is called by:
		_Sys_Init
 This function uses a non-reentrant model


 *************** function _Heating_LED_Init *****************
 Defined at:
		line 4 in file "Leds.c"
 Parameters:    Size  Location     Type
		None
 Auto vars:     Size  Location     Type
		None
 Return value:  Size  Location     Type
                  1    wreg      void 
 Registers used:
		None
 Tracked objects:
		On entry : 
		On exit  : 
		Unchanged: 
 Data sizes:     COMMON   BANK0   BANK1   BANK3   BANK2
      Params:         0       0       0       0       0
      Locals:         0       0       0       0       0
      Temps:          0       0       0       0       0
      Totals:         0       0       0       0       0
Total ram usage:        0 bytes
[...]
Total ram usage:        2 bytes
 Hardware stack levels used:    1
 Hardware stack levels required when called:    6
 This function calls:
		_I2C_Start
		_I2C_Stop
		_I2C_Write_Byte
 This function is called by:
		_Task_ChangeTemp_State
		_Sys_Init
 This function uses a non-reentrant model


 *************** function _I2C_Write_Byte *****************
 Defined at:
		line 41 in file "I2C.c"
 Parameters:    Size  Location     Type
  val             1    wreg     unsigned char 
 Auto vars:     Size  Location     Type
  val             1    0[BANK0 ] unsigned char 
 Return value:  Size  Location     Type
                  1    wreg      void 
 Registers used:
		wreg, status,2, status,0, pclath, cstack
 Tracked objects:
		On entry : 
		On exit  : 
		Unchanged: 
 Data sizes:     COMMON   BANK0   BANK1   BANK3   BANK2
      Params:         0       0       0       0       0
      Locals:         0       1       0       0       0
      Temps:          0       0       0       0       0
      Totals:         0       1       0       0       0
Total ram usage:        1 bytes
 Hardware stack levels used:    1
 Hardware stack levels required when called:    5
 This function calls:
		_I2C_Hold
 This function is called by:
		_EEPROM_Write
 This function uses a non-reentrant model


 *************** function _I2C_Stop *****************
 Defined at:
		line 29 in file "I2C.c"
 Parameters:    Size  Location     Type
		None
 Auto vars:     Size  Location     Type
		None
 Return value:  Size  Location     Type
                  1    wreg      void 
 Registers used:
		wreg, status,2, status,0, pclath, cstack
 Tracked objects:
		On entry : 
		On exit  : 
		Unchanged: 
 Data sizes:     COMMON   BANK0   BANK1   BANK3   BANK2
      Params:         0       0       0       0       0
      Locals:         0       0       0       0       0
      Temps:          0       0       0       0       0
      Totals:         0       0       0       0       0
Total ram usage:        0 bytes
 Hardware stack levels used:    1
 Hardware stack levels required when called:    5
 This function calls:
		_I2C_Hold
 This function is called by:
		_EEPROM_Write
 This function uses a non-reentrant model


 *************** function _I2C_Start *****************
 Defined at:
		line 23 in file "I2C.c"
 Parameters:    Size  Location     Type
		None
 Auto vars:     Size  Location     Type
		None
 Return value:  Size  Location     Type
                  1    wreg      void 
 Registers used:
		wreg, status,2, status,0, pclath, cstack
 Tracked objects:
		On entry : 
		On exit  : 
		Unchanged: 
 Data sizes:     COMMON   BANK0   BANK1   BANK3   BANK2
      Params:         0       0       0       0       0
      Locals:         0       0       0       0       0
      Temps:          0       0       0       0       0
      Totals:         0       0       0       0       0
Total ram usage:        0 bytes
 Hardware stack levels used:    1
 Hardware stack levels required when called:    5
 This function calls:
		_I2C_Hold
 This function is called by:
		_EEPROM_Write
 This function uses a non-reentrant model


 *************** function _I2C_Hold *****************
 Defined at:
		line 19 in file "I2C.c"
 Parameters:    Size  Location     Type
		None
 Auto vars:     Size  Location     Type
		None
 Return value:  Size  Location     Type
                  1    wreg      void 
 Registers used:
		wreg, status,2
 Tracked objects:
		On entry : 
		On exit  : 
		Unchanged: 
 Data sizes:     COMMON   BANK0   BANK1   BANK3   BANK2
      Params:         0       0       0       0       0
      Locals:         0       0       0       0       0
      Temps:          0       0       0       0       0
      Totals:         0       0       0       0       0
Total ram usage:        0 bytes
 Hardware stack levels used:    1
 Hardware stack levels required when called:    4
 This function calls:
		Nothing
 This function is called by:
		_I2C_Start
		_I2C_Stop
		_I2C_Write_Byte
		_I2C_Repeated_Start
 This function uses a non-reentrant model


 *************** function _EEPROM_Init *****************
 Defined at:
		line 4 in file "EEPROM.c"
 Parameters:    Size  Location     Type
		None
 Auto vars:     Size  Location     Type
		None
 Return value:  Size  Location     Type
                  1    wreg      void 
 Registers used:
		wreg, status,2, status,0, pclath, cstack
 Tracked objects:
		On entry : 
		On exit  : 
		Unchanged: 
 Data sizes:     COMMON   BANK0   BANK1   BANK3   BANK2
      Params:         0       0       0       0       0
      Locals:         0       0       0       0       0
      Temps:          0       0       0       0       0
      Totals:         0       0       0       0       0
Total ram usage:        0 bytes
 Hardware stack levels used:    1
 Hardware stack levels required when called:    6
 This function calls:
		_I2C_Init
 This function is called by:
		_Sys_Init
 This function uses a non-reentrant model


 *************** function _I2C_Init *****************
 Defined at:
		line 6 in file "I2C.c"
 Parameters:    Size  Location     Type
  feq_K           1    wreg     unsigned char 
 Auto vars:     Size  Location     Type
  feq_K           1   23[BANK0 ] unsigned char 
 Return value:  Size  Location     Type
                  1    wreg      void 
 Registers used:
		wreg, status,2, status,0, pclath, cstack
 Tracked objects:
		On entry : 
		On exit  : 
		Unchanged: 
 Data sizes:     COMMON   BANK0   BANK1   BANK3   BANK2
      Params:         0       0       0       0       0
      Locals:         0       1       0       0       0
      Temps:          0       2       0       0       0
      Totals:         0       3       0       0       0
Total ram usage:        3 bytes
 Hardware stack levels used:    1
 Hardware stack levels required when called:    5
 This function calls:
		___aldiv
		___wmul
 This function is called by:
		_EEPROM_Init
 This function uses a non-reentrant model


 *************** function ___wmul *****************
 Defined at:
		line 15 in file "C:\Program Files (x86)\Microchip\xc8\v2.10\pic\sources\c90\common\Umul16.c"
 Parameters:    Size  Location     Type
  multiplier      2    0[BANK0 ] unsigned int 
  multiplicand    2    2[BANK0 ] unsigned int 
 Auto vars:     Size  Location     Type
  product         2    4[BANK0 ] unsigned int 
 Return value:  Size  Location     Type
                  2    0[BANK0 ] unsigned int 
 Registers used:
		wreg, status,2, status,0
 Tracked objects:
		On entry : 
		On exit  : 
		Unchanged: 
 Data sizes:     COMMON   BANK0   BANK1   BANK3   BANK2
      Params:         0       4       0       0       0
      Locals:         0       2       0       0       0
      Temps:          0       0       0       0       0
      Totals:         0       6       0       0       0
Total ram usage:        6 bytes
 Hardware stack levels used:    1
 Hardware stack levels required when called:    4
 This function calls:
		Nothing
 This function is called by:
		_I2C_Init
 This function uses a non-reentrant model


 *************** function ___aldiv *****************
 Defined at:
		line 5 in file "C:\Program Files (x86)\Microchip\xc8\v2.10\pic\sources\c90\common\aldiv.c"
 Parameters:    Size  Location     Type
  divisor         4    6[BANK0 ] long 
  dividend        4   10[BANK0 ] long 
 Auto vars:     Size  Location     Type
  quotient        4   17[BANK0 ] long 
  sign            1   16[BANK0 ] unsigned char 
  counter         1   15[BANK0 ] unsigned char 
 Return value:  Size  Location     Type
                  4    6[BANK0 ] long 
 Registers used:
		wreg, status,2, status,0
 Tracked objects:
		On entry : 
		On exit  : 
		Unchanged: 
 Data sizes:     COMMON   BANK0   BANK1   BANK3   BANK2
      Params:         0       8       0       0       0
      Locals:         0       6       0       0       0
      Temps:          0       1       0       0       0
      Totals:         0      15       0       0       0
Total ram usage:       15 bytes
 Hardware stack levels used:    1
 Hardware stack levels required when called:    4
 This function calls:
		Nothing
 This function is called by:
		_I2C_Init
 This function uses a non-reentrant model


 *************** function _Buttons_Init *****************
 Defined at:
		line 6 in file "Buttons.c"
 Parameters:    Size  Location     Type
		None
 Auto vars:     Size  Location     Type
		None
 Return value:  Size  Location     Type
                  1    wreg      void 
 Registers used:
		None
 Tracked objects:
		On entry : 
		On exit  : 
		Unchanged: 
 Data sizes:     COMMON   BANK0   BANK1   BANK3   BANK2
      Params:         0       0       0       0       0
      Locals:         0       0       0       0       0
      Temps:          0       0       0       0       0
      Totals:         0       0       0       0       0
Total ram usage:        0 bytes
 Hardware stack levels used:    1
 Hardware stack levels required when called:    4
 This function calls:
		Nothing
 This function is called by:
		_Sys_Init
 This function uses a non-reentrant model


 *************** function _System_Interrupts *****************
 Defined at:
		line 30 in file "Electric_Water_Heater.c"
 Parameters:    Size  Location     Type
		None
 Auto vars:     Size  Location     Type
		None
 Return value:  Size  Location     Type
                  1    wreg      void 
 Registers used:
		wreg, status,2, status,0, pclath, cstack
 Tracked objects:
		On entry : 
		On exit  : 
		Unchanged: 
 Data sizes:     COMMON   BANK0   BANK1   BANK3   BANK2
      Params:         0       0       0       0       0
      Locals:         0       0       0       0       0
      Temps:          4       0       0       0       0
      Totals:         4       0       0       0       0
Total ram usage:        4 bytes
 Hardware stack levels used:    1
 Hardware stack levels required when called:    3
 This function calls:
		_EEPROM_Read
 This function is called by:
		Interrupt level 1
 This function uses a non-reentrant model


 *************** function _EEPROM_Read *****************
 Defined at:
		line 9 in file "EEPROM.c"
 Parameters:    Size  Location     Type
  Address         1    wreg     unsigned char 
 Auto vars:     Size  Location     Type
  Address         1    3[COMMON] unsigned char 
 Return value:  Size  Location     Type
                  1    wreg      unsigned char 
 Registers used:
		wreg, status,2, status,0, pclath, cstack
 Tracked objects:
		On entry : 
		On exit  : 
		Unchanged: 
 Data sizes:     COMMON   BANK0   BANK1   BANK3   BANK2
      Params:         0       0       0       0       0
      Locals:         1       0       0       0       0
      Temps:          0       0       0       0       0
      Totals:         1       0       0       0       0
Total ram usage:        1 bytes
 Hardware stack levels used:    1
 Hardware stack levels required when called:    2
 This function calls:
		_I2C_Read_Byte
		i1_I2C_Start
		i1_I2C_Write_Byte
 This function is called by:
		_System_Interrupts
 This function uses a non-reentrant model


 *************** function i1_I2C_Write_Byte *****************
 Defined at:
		line 41 in file "I2C.c"
 Parameters:    Size  Location     Type
  val             1    wreg     unsigned char 
 Auto vars:     Size  Location     Type
  val             1    0[COMMON] unsigned char 
 Return value:  Size  Location     Type
                  1    wreg      void 
 Registers used:
		wreg, status,2, status,0, pclath, cstack
 Tracked objects:
		On entry : 
		On exit  : 
		Unchanged: 
 Data sizes:     COMMON   BANK0   BANK1   BANK3   BANK2
      Params:         0       0       0       0       0
      Locals:         1       0       0       0       0
      Temps:          0       0       0       0       0
      Totals:         1       0       0       0       0
Total ram usage:        1 bytes
 Hardware stack levels used:    1
 Hardware stack levels required when called:    1
 This function calls:
		i1_I2C_Hold
 This function is called by:
		_EEPROM_Read
 This function uses a non-reentrant model


 *************** function i1_I2C_Start *****************
 Defined at:
		line 23 in file "I2C.c"
 Parameters:    Size  Location     Type
		None
 Auto vars:     Size  Location     Type
		None
 Return value:  Size  Location     Type
                  1    wreg      void 
 Registers used:
		wreg, status,2, status,0, pclath, cstack
 Tracked objects:
		On entry : 
		On exit  : 
		Unchanged: 
 Data sizes:     COMMON   BANK0   BANK1   BANK3   BANK2
      Params:         0       0       0       0       0
      Locals:         0       0       0       0       0
      Temps:          0       0       0       0       0
      Totals:         0       0       0       0       0
Total ram usage:        0 bytes
 Hardware stack levels used:    1
 Hardware stack levels required when called:    1
 This function calls:
		i1_I2C_Hold
 This function is called by:
		_EEPROM_Read
 This function uses a non-reentrant model


 *************** function _I2C_Read_Byte *****************
 Defined at:
		line 53 in file "I2C.c"
 Parameters:    Size  Location     Type
  ack             1    wreg     unsigned char 
 Auto vars:     Size  Location     Type
  ack             1    1[COMMON] unsigned char 
  incoming        1    2[COMMON] unsigned char 
 Return value:  Size  Location     Type
                  1    wreg      unsigned char 
 Registers used:
		wreg, status,2, status,0, pclath, cstack
 Tracked objects:
		On entry : 
		On exit  : 
		Unchanged: 
 Data sizes:     COMMON   BANK0   BANK1   BANK3   BANK2
      Params:         0       0       0       0       0
      Locals:         2       0       0       0       0
      Temps:          1       0       0       0       0
      Totals:         3       0       0       0       0
Total ram usage:        3 bytes
 Hardware stack levels used:    1
 Hardware stack levels required when called:    1
 This function calls:
		i1_I2C_Hold
 This function is called by:
		_EEPROM_Read
 This function uses a non-reentrant model


 *************** function i1_I2C_Hold *****************
 Defined at:
		line 19 in file "I2C.c"
 Parameters:    Size  Location     Type
		None
 Auto vars:     Size  Location     Type
		None
 Return value:  Size  Location     Type
                  1    wreg      void 
 Registers used:
		wreg, status,2
 Tracked objects:
		On entry : 
		On exit  : 
		Unchanged: 
 Data sizes:     COMMON   BANK0   BANK1   BANK3   BANK2
      Params:         0       0       0       0       0
      Locals:         0       0       0       0       0
      Temps:          0       0       0       0       0
      Totals:         0       0       0       0       0
Total ram usage:        0 bytes
 Hardware stack levels used:    1
 This function calls:
		Nothing
 This function is called by:
		_I2C_Read_Byte
		i1_I2C_Start
		i1_I2C_Write_Byte
 This function uses a non-reentrant model



MODULE INFORMATION

Module		Function		Class		Link	Load	Size
Fan.c
		_Fan_Stop      		CODE           	0C06	0000	5
		_Fan_Init      		CODE           	0BFE	0000	5
		_Fan_Start     		CODE           	0C12	0000	5

Fan.c estimated size: 15

C:\Program Files (x86)\Microchip\xc8\v2.10\pic\sources\c90\common\lwdiv.c
		___lwdiv       		CODE           	0EE3	0000	71

C:\Program Files (x86)\Microchip\xc8\v2.10\pic\sources\c90\common\lwdiv.c estimated size: 71

Timer.c
		_TMR0_Init     		CODE           	0C9A	0000	15
		_TMR1_Init     		CODE           	0CC9	0000	19

Timer.c estimated size: 34

C:\Program Files (x86)\Microchip\xc8\v2.10\pic\sources\c90\common\fltol.c
		___fltol       		CODE           	0567	0000	125

C:\Program Files (x86)\Microchip\xc8\v2.10\pic\sources\c90\common\fltol.c estimated size: 125

C:\Program Files (x86)\Microchip\xc8\v2.10\pic\sources\c90\common\Umul16.c
		___wmul        		CODE           	0D8D	0000	40

C:\Program Files (x86)\Microchip\xc8\v2.10\pic\sources\c90\common\Umul16.c estimated size: 40

Heater.c
		_Heater_Init   		CODE           	0C02	0000	5
		_Heater_Stop   		CODE           	0C0A	0000	5
		_Heater_Start  		CODE           	0C16	0000	5

Heater.c estimated size: 15

I2C.c
		_I2C_Stop      		CODE           	0C5F	0000	10
		_I2C_Init      		CODE           	0F29	0000	72
		_I2C_Write_Byte		CODE           	0C8D	0000	14
		_I2C_Read_Byte 		CODE           	0D66	0000	40
		_I2C_Hold      		CODE           	0C80	0000	14
		_I2C_Start     		CODE           	0C56	0000	10

I2C.c estimated size: 160

System.c
		_Task_ChangeTemp_State		CODE           	0657	0000	107
		_Task_OFF_State		CODE           	0CB8	0000	18
		_Temp_Array_Init		CODE           	0DDD	0000	47
		_Sys_Init      		CODE           	0FB7	0000	74
		_Add_New_Temp  		CODE           	0E3A	0000	49
		_Task_ON_State 		CODE           	0782	0000	89
		_Adjust_Temp   		CODE           	04E6	0000	130
		_Calc_Temp_Avg 		CODE           	0EA6	0000	62

System.c estimated size: 576

Leds.c
		_Heating_LED_Init		CODE           	0C36	0000	8
		_Heating_LED_On		CODE           	0C1A	0000	5
		_Heating_LED_Toggle		CODE           	0CA8	0000	17
		_Heating_LED_Off		CODE           	0C0E	0000	5

Leds.c estimated size: 35

Temp.c
		_Temp_Sensor_ADC_Init		CODE           	0CDB	0000	23
		_Temp_Sensor_ADC_Read		CODE           	0726	0000	93

Temp.c estimated size: 116

display7s.c
		_Sev_Seg_Init  		CODE           	0C29	0000	7
		_Sev_Seg_Write 		CODE           	0F70	0000	72
		_Sev_Seg_Enable		CODE           	0D0C	0000	28
		_Sev_Seg_Disable		CODE           	0C1E	0000	6
		_Sev_Seg_Write_99		CODE           	06C1	0000	102

display7s.c estimated size: 215

C:\Program Files (x86)\Microchip\xc8\v2.10\pic\sources\c90\common\sprcmul.c
		___flmul       		CODE           	002C	0000	866

C:\Program Files (x86)\Microchip\xc8\v2.10\pic\sources\c90\common\sprcmul.c estimated size: 866

C:\Program Files (x86)\Microchip\xc8\v2.10\pic\sources\c90\common\aldiv.c
		___aldiv       		CODE           	0449	0000	158

C:\Program Files (x86)\Microchip\xc8\v2.10\pic\sources\c90\common\aldiv.c estimated size: 158

C:\Program Files (x86)\Microchip\xc8\v2.10\pic\sources\c90\common\Umul8_16.c
		__Umul8_16     		CODE           	0DB4	0000	42

C:\Program Files (x86)\Microchip\xc8\v2.10\pic\sources\c90\common\Umul8_16.c estimated size: 42

Buttons.c
		_Down_Pressed  		CODE           	0CF1	0000	28
		_Buttons_Init  		CODE           	0C23	0000	7
		_ON_Button_EXTI_Init		CODE           	0C3D	0000	9
		_Up_Pressed    		CODE           	0D27	0000	28

Buttons.c estimated size: 72

EEPROM.c
		_EEPROM_Read   		CODE           	0D42	0000	37
		_EEPROM_Init   		CODE           	0C2F	0000	8
		_EEPROM_Write  		CODE           	07DA	0000	37

EEPROM.c estimated size: 82

C:\Program Files (x86)\Microchip\xc8\v2.10\pic\sources\c90\common\xxtofl.c
		___xxtofl      		CODE           	038D	0000	189

C:\Program Files (x86)\Microchip\xc8\v2.10\pic\sources\c90\common\xxtofl.c estimated size: 189

shared
		i1_I2C_Write_Byte		CODE           	0C68	0000	12
		i1_I2C_Start   		CODE           	0C4D	0000	10
		__initialization		CODE           	000F	0000	26
		i1_I2C_Hold    		CODE           	0C73	0000	14

shared estimated size: 62

C:\Program Files (x86)\Microchip\xc8\v2.10\pic\sources\c90\common\lwmod.c
		___lwmod       		CODE           	0E6A	0000	61

C:\Program Files (x86)\Microchip\xc8\v2.10\pic\sources\c90\common\lwmod.c estimated size: 61

Electric_Water_Heater.c
		_System_Interrupts		CODE           	05E3	0000	117
		_main          		CODE           	0E0B	0000	48

Electric_Water_Heater.c estimated size: 165

